[22-Jan-2026 13:00:01 UTC] PHP Fatal error:  Declaration of CUser::check() must be compatible with CDpObject::check(): ?string in /var/www/html/modules/admin/admin.class.php on line 41
[22-Jan-2026 13:02:31 UTC] PHP Warning:  Undefined array key "a" in /var/www/html/style/default/header.php on line 193
[22-Jan-2026 13:02:31 UTC] PHP Warning:  Undefined array key "a" in /var/www/html/style/default/header.php on line 196
[22-Jan-2026 13:02:31 UTC] PHP Fatal error:  Uncaught TypeError: dPshowImage(): Argument #2 ($wid) must be of type string, int given, called in /var/www/html/classes/ui.class.php on line 571 and defined in /var/www/html/includes/main_functions.php:304
Stack trace:
#0 /var/www/html/classes/ui.class.php(571): dPshowImage('http://localhos...', 16, 16, '')
#1 /var/www/html/style/default/header.php(206): CAppUI->getMsg()
#2 /var/www/html/index.php(268): require('/var/www/html/s...')
#3 {main}
  thrown in /var/www/html/includes/main_functions.php on line 304
[22-Jan-2026 13:02:35 UTC] PHP Warning:  Undefined array key "a" in /var/www/html/style/default/header.php on line 193
[22-Jan-2026 13:02:35 UTC] PHP Warning:  Undefined array key "a" in /var/www/html/style/default/header.php on line 196
[22-Jan-2026 13:02:35 UTC] PHP Fatal error:  Uncaught TypeError: dPshowImage(): Argument #2 ($wid) must be of type string, int given, called in /var/www/html/classes/ui.class.php on line 571 and defined in /var/www/html/includes/main_functions.php:304
Stack trace:
#0 /var/www/html/classes/ui.class.php(571): dPshowImage('http://localhos...', 16, 16, '')
#1 /var/www/html/style/default/header.php(206): CAppUI->getMsg()
#2 /var/www/html/index.php(268): require('/var/www/html/s...')
#3 {main}
  thrown in /var/www/html/includes/main_functions.php on line 304
[22-Jan-2026 13:15:57 UTC] PHP Warning:  Undefined array key "a" in /var/www/html/style/default/header.php on line 193
[22-Jan-2026 13:15:57 UTC] PHP Warning:  Undefined array key "a" in /var/www/html/style/default/header.php on line 196
[22-Jan-2026 13:15:57 UTC] PHP Fatal error:  Uncaught TypeError: dPshowImage(): Argument #2 ($wid) must be of type string, int given, called in /var/www/html/classes/ui.class.php on line 571 and defined in /var/www/html/includes/main_functions.php:304
Stack trace:
#0 /var/www/html/classes/ui.class.php(571): dPshowImage('http://localhos...', 16, 16, '')
#1 /var/www/html/style/default/header.php(206): CAppUI->getMsg()
#2 /var/www/html/index.php(268): require('/var/www/html/s...')
#3 {main}
  thrown in /var/www/html/includes/main_functions.php on line 304
[22-Jan-2026 13:15:58 UTC] PHP Warning:  Undefined array key "a" in /var/www/html/style/default/header.php on line 193
[22-Jan-2026 13:15:58 UTC] PHP Warning:  Undefined array key "a" in /var/www/html/style/default/header.php on line 196
[22-Jan-2026 13:15:58 UTC] PHP Fatal error:  Uncaught TypeError: dPshowImage(): Argument #2 ($wid) must be of type string, int given, called in /var/www/html/classes/ui.class.php on line 571 and defined in /var/www/html/includes/main_functions.php:304
Stack trace:
#0 /var/www/html/classes/ui.class.php(571): dPshowImage('http://localhos...', 16, 16, '')
#1 /var/www/html/style/default/header.php(206): CAppUI->getMsg()
#2 /var/www/html/index.php(268): require('/var/www/html/s...')
#3 {main}
  thrown in /var/www/html/includes/main_functions.php on line 304
[22-Jan-2026 13:16:00 UTC] PHP Warning:  Undefined array key "a" in /var/www/html/style/default/header.php on line 193
[22-Jan-2026 13:16:00 UTC] PHP Warning:  Undefined array key "a" in /var/www/html/style/default/header.php on line 196
[22-Jan-2026 13:16:00 UTC] PHP Fatal error:  Uncaught TypeError: dPshowImage(): Argument #2 ($wid) must be of type string, int given, called in /var/www/html/classes/ui.class.php on line 571 and defined in /var/www/html/includes/main_functions.php:304
Stack trace:
#0 /var/www/html/classes/ui.class.php(571): dPshowImage('http://localhos...', 16, 16, '')
#1 /var/www/html/style/default/header.php(206): CAppUI->getMsg()
#2 /var/www/html/index.php(268): require('/var/www/html/s...')
#3 {main}
  thrown in /var/www/html/includes/main_functions.php on line 304
[22-Jan-2026 13:16:02 UTC] PHP Warning:  Undefined array key "a" in /var/www/html/style/default/header.php on line 193
[22-Jan-2026 13:16:02 UTC] PHP Warning:  Undefined array key "a" in /var/www/html/style/default/header.php on line 196
[22-Jan-2026 13:16:02 UTC] PHP Fatal error:  Uncaught TypeError: dPshowImage(): Argument #2 ($wid) must be of type string, int given, called in /var/www/html/classes/ui.class.php on line 571 and defined in /var/www/html/includes/main_functions.php:304
Stack trace:
#0 /var/www/html/classes/ui.class.php(571): dPshowImage('http://localhos...', 16, 16, '')
#1 /var/www/html/style/default/header.php(206): CAppUI->getMsg()
#2 /var/www/html/index.php(268): require('/var/www/html/s...')
#3 {main}
  thrown in /var/www/html/includes/main_functions.php on line 304
[22-Jan-2026 13:16:04 UTC] PHP Warning:  Undefined array key "a" in /var/www/html/style/default/header.php on line 193
[22-Jan-2026 13:16:04 UTC] PHP Warning:  Undefined array key "a" in /var/www/html/style/default/header.php on line 196
[22-Jan-2026 13:16:04 UTC] PHP Fatal error:  Uncaught TypeError: dPshowImage(): Argument #2 ($wid) must be of type string, int given, called in /var/www/html/classes/ui.class.php on line 571 and defined in /var/www/html/includes/main_functions.php:304
Stack trace:
#0 /var/www/html/classes/ui.class.php(571): dPshowImage('http://localhos...', 16, 16, '')
#1 /var/www/html/style/default/header.php(206): CAppUI->getMsg()
#2 /var/www/html/index.php(268): require('/var/www/html/s...')
#3 {main}
  thrown in /var/www/html/includes/main_functions.php on line 304
[22-Jan-2026 13:19:34 UTC] PHP Warning:  Undefined array key "a" in /var/www/html/style/default/header.php on line 193
[22-Jan-2026 13:19:34 UTC] PHP Warning:  Undefined array key "a" in /var/www/html/style/default/header.php on line 196
[22-Jan-2026 13:19:34 UTC] PHP Fatal error:  Uncaught TypeError: DBQuery::dropTemp(): Argument #1 ($table) must be of type string, array given, called in /var/www/html/modules/projects/projects.class.php on line 460 and defined in /var/www/html/classes/query.class.php:225
Stack trace:
#0 /var/www/html/modules/projects/projects.class.php(460): DBQuery->dropTemp(Array)
#1 /var/www/html/modules/projects/index.php(136): projects_list_data()
#2 /var/www/html/index.php(329): require('/var/www/html/m...')
#3 {main}
  thrown in /var/www/html/classes/query.class.php on line 225
[22-Jan-2026 13:19:36 UTC] PHP Warning:  Undefined array key "a" in /var/www/html/style/default/header.php on line 193
[22-Jan-2026 13:19:36 UTC] PHP Warning:  Undefined array key "a" in /var/www/html/style/default/header.php on line 196
[22-Jan-2026 13:19:39 UTC] PHP Warning:  Undefined array key "a" in /var/www/html/style/default/header.php on line 193
[22-Jan-2026 13:19:39 UTC] PHP Warning:  Undefined array key "a" in /var/www/html/style/default/header.php on line 196
[22-Jan-2026 13:19:39 UTC] PHP Fatal error:  Uncaught Error: Undefined constant "LOCALE_FIRST_DAY" in /var/www/html/modules/calendar/calendar.class.php:281
Stack trace:
#0 /var/www/html/modules/calendar/calendar.class.php(207): CMonthCalendar->_drawDays()
#1 /var/www/html/modules/calendar/index.php(91): CMonthCalendar->show()
#2 /var/www/html/index.php(329): require('/var/www/html/m...')
#3 {main}
  thrown in /var/www/html/modules/calendar/calendar.class.php on line 281
[22-Jan-2026 13:19:41 UTC] PHP Warning:  Undefined array key "a" in /var/www/html/style/default/header.php on line 193
[22-Jan-2026 13:19:41 UTC] PHP Warning:  Undefined array key "a" in /var/www/html/style/default/header.php on line 196
[22-Jan-2026 13:19:41 UTC] PHP Fatal error:  Uncaught TypeError: dPformSafe(): Argument #1 ($txt) must be of type object|array|string, null given, called in /var/www/html/modules/admin/index.php on line 86 and defined in /var/www/html/includes/main_functions.php:603
Stack trace:
#0 /var/www/html/modules/admin/index.php(86): dPformSafe(NULL)
#1 /var/www/html/index.php(329): require('/var/www/html/m...')
#2 {main}
  thrown in /var/www/html/includes/main_functions.php on line 603
[22-Jan-2026 13:19:46 UTC] PHP Warning:  Undefined array key "a" in /var/www/html/style/default/header.php on line 193
[22-Jan-2026 13:19:46 UTC] PHP Warning:  Undefined array key "a" in /var/www/html/style/default/header.php on line 196
[22-Jan-2026 13:20:07 UTC] PHP Warning:  Undefined array key "a" in /var/www/html/style/default/header.php on line 193
[22-Jan-2026 13:20:07 UTC] PHP Warning:  Undefined array key "a" in /var/www/html/style/default/header.php on line 196
[22-Jan-2026 13:20:07 UTC] PHP Fatal error:  Uncaught TypeError: dPformSafe(): Argument #1 ($txt) must be of type object|array|string, null given, called in /var/www/html/modules/admin/index.php on line 86 and defined in /var/www/html/includes/main_functions.php:603
Stack trace:
#0 /var/www/html/modules/admin/index.php(86): dPformSafe(NULL)
#1 /var/www/html/index.php(329): require('/var/www/html/m...')
#2 {main}
  thrown in /var/www/html/includes/main_functions.php on line 603
[22-Jan-2026 13:22:22 UTC] PHP Warning:  Undefined array key "a" in /var/www/html/style/default/header.php on line 193
[22-Jan-2026 13:22:23 UTC] PHP Warning:  Undefined array key "a" in /var/www/html/style/default/header.php on line 196
[22-Jan-2026 13:22:23 UTC] PHP Fatal error:  Uncaught TypeError: dPformSafe(): Argument #1 ($txt) must be of type object|array|string, null given, called in /var/www/html/modules/admin/index.php on line 86 and defined in /var/www/html/includes/main_functions.php:603
Stack trace:
#0 /var/www/html/modules/admin/index.php(86): dPformSafe(NULL)
#1 /var/www/html/index.php(329): require('/var/www/html/m...')
#2 {main}
  thrown in /var/www/html/includes/main_functions.php on line 603
[22-Jan-2026 13:22:25 UTC] PHP Warning:  Undefined array key "a" in /var/www/html/style/default/header.php on line 193
[22-Jan-2026 13:22:25 UTC] PHP Warning:  Undefined array key "a" in /var/www/html/style/default/header.php on line 196
[22-Jan-2026 13:22:25 UTC] PHP Fatal error:  Uncaught TypeError: dPformSafe(): Argument #1 ($txt) must be of type object|array|string, null given, called in /var/www/html/modules/admin/index.php on line 86 and defined in /var/www/html/includes/main_functions.php:603
Stack trace:
#0 /var/www/html/modules/admin/index.php(86): dPformSafe(NULL)
#1 /var/www/html/index.php(329): require('/var/www/html/m...')
#2 {main}
  thrown in /var/www/html/includes/main_functions.php on line 603
[22-Jan-2026 13:23:56 UTC] PHP Warning:  Undefined array key "a" in /var/www/html/style/default/header.php on line 193
[22-Jan-2026 13:23:56 UTC] PHP Warning:  Undefined array key "a" in /var/www/html/style/default/header.php on line 196
[22-Jan-2026 13:23:56 UTC] PHP Fatal error:  Uncaught TypeError: dPformSafe(): Argument #1 ($txt) must be of type object|array|string, null given, called in /var/www/html/modules/admin/index.php on line 86 and defined in /var/www/html/includes/main_functions.php:603
Stack trace:
#0 /var/www/html/modules/admin/index.php(86): dPformSafe(NULL)
#1 /var/www/html/index.php(329): require('/var/www/html/m...')
#2 {main}
  thrown in /var/www/html/includes/main_functions.php on line 603
[22-Jan-2026 13:24:12 UTC] PHP Warning:  Undefined array key "a" in /var/www/html/style/default/header.php on line 193
[22-Jan-2026 13:24:12 UTC] PHP Warning:  Undefined array key "a" in /var/www/html/style/default/header.php on line 196
[22-Jan-2026 13:24:12 UTC] PHP Fatal error:  Uncaught TypeError: CAppUI::___(): Argument #1 ($str) must be of type string, null given, called in /var/www/html/modules/companies/index.php on line 49 and defined in /var/www/html/classes/ui.class.php:420
Stack trace:
#0 /var/www/html/modules/companies/index.php(49): CAppUI->___(NULL)
#1 /var/www/html/index.php(329): require('/var/www/html/m...')
#2 {main}
  thrown in /var/www/html/classes/ui.class.php on line 420
[22-Jan-2026 13:25:20 UTC] PHP Warning:  Undefined array key "a" in /var/www/html/style/default/header.php on line 193
[22-Jan-2026 13:25:20 UTC] PHP Warning:  Undefined array key "a" in /var/www/html/style/default/header.php on line 196
[22-Jan-2026 13:25:20 UTC] PHP Fatal error:  Uncaught TypeError: CAppUI::___(): Argument #1 ($str) must be of type string, null given, called in /var/www/html/modules/companies/index.php on line 49 and defined in /var/www/html/classes/ui.class.php:420
Stack trace:
#0 /var/www/html/modules/companies/index.php(49): CAppUI->___(NULL)
#1 /var/www/html/index.php(329): require('/var/www/html/m...')
#2 {main}
  thrown in /var/www/html/classes/ui.class.php on line 420
[22-Jan-2026 13:25:22 UTC] PHP Warning:  Undefined array key "a" in /var/www/html/style/default/header.php on line 193
[22-Jan-2026 13:25:22 UTC] PHP Warning:  Undefined array key "a" in /var/www/html/style/default/header.php on line 196
[22-Jan-2026 13:25:41 UTC] PHP Warning:  Undefined array key "a" in /var/www/html/style/default/header.php on line 193
[22-Jan-2026 13:25:41 UTC] PHP Warning:  Undefined array key "a" in /var/www/html/style/default/header.php on line 196
[22-Jan-2026 13:25:41 UTC] PHP Fatal error:  Uncaught TypeError: CAppUI::___(): Argument #1 ($str) must be of type string, null given, called in /var/www/html/modules/companies/index.php on line 49 and defined in /var/www/html/classes/ui.class.php:420
Stack trace:
#0 /var/www/html/modules/companies/index.php(49): CAppUI->___(NULL)
#1 /var/www/html/index.php(329): require('/var/www/html/m...')
#2 {main}
  thrown in /var/www/html/classes/ui.class.php on line 420
[22-Jan-2026 13:25:45 UTC] PHP Warning:  Undefined array key "a" in /var/www/html/style/default/header.php on line 193
[22-Jan-2026 13:25:45 UTC] PHP Warning:  Undefined array key "a" in /var/www/html/style/default/header.php on line 196
[22-Jan-2026 13:25:45 UTC] PHP Fatal error:  Uncaught TypeError: DBQuery::dropTemp(): Argument #1 ($table) must be of type string, array given, called in /var/www/html/modules/projects/projects.class.php on line 460 and defined in /var/www/html/classes/query.class.php:225
Stack trace:
#0 /var/www/html/modules/projects/projects.class.php(460): DBQuery->dropTemp(Array)
#1 /var/www/html/modules/projects/index.php(136): projects_list_data()
#2 /var/www/html/index.php(329): require('/var/www/html/m...')
#3 {main}
  thrown in /var/www/html/classes/query.class.php on line 225
[22-Jan-2026 13:25:47 UTC] PHP Warning:  Undefined array key "a" in /var/www/html/style/default/header.php on line 193
[22-Jan-2026 13:25:47 UTC] PHP Warning:  Undefined array key "a" in /var/www/html/style/default/header.php on line 196
[22-Jan-2026 13:25:49 UTC] PHP Warning:  Undefined array key "a" in /var/www/html/style/default/header.php on line 193
[22-Jan-2026 13:25:49 UTC] PHP Warning:  Undefined array key "a" in /var/www/html/style/default/header.php on line 196
[22-Jan-2026 13:25:49 UTC] PHP Fatal error:  Uncaught TypeError: DBQuery::dropTemp(): Argument #1 ($table) must be of type string, array given, called in /var/www/html/modules/projects/projects.class.php on line 460 and defined in /var/www/html/classes/query.class.php:225
Stack trace:
#0 /var/www/html/modules/projects/projects.class.php(460): DBQuery->dropTemp(Array)
#1 /var/www/html/modules/projects/index.php(136): projects_list_data()
#2 /var/www/html/index.php(329): require('/var/www/html/m...')
#3 {main}
  thrown in /var/www/html/classes/query.class.php on line 225
[22-Jan-2026 13:33:32 UTC] PHP Warning:  Undefined array key "a" in /var/www/html/style/default/header.php on line 193
[22-Jan-2026 13:33:32 UTC] PHP Warning:  Undefined array key "a" in /var/www/html/style/default/header.php on line 196
[22-Jan-2026 13:33:32 UTC] PHP Fatal error:  Uncaught TypeError: CAppUI::___(): Argument #1 ($str) must be of type string, null given, called in /var/www/html/modules/companies/index.php on line 49 and defined in /var/www/html/classes/ui.class.php:420
Stack trace:
#0 /var/www/html/modules/companies/index.php(49): CAppUI->___(NULL)
#1 /var/www/html/index.php(329): require('/var/www/html/m...')
#2 {main}
  thrown in /var/www/html/classes/ui.class.php on line 420
[22-Jan-2026 13:33:34 UTC] PHP Warning:  Undefined array key "a" in /var/www/html/style/default/header.php on line 193
[22-Jan-2026 13:33:34 UTC] PHP Warning:  Undefined array key "a" in /var/www/html/style/default/header.php on line 196
[22-Jan-2026 13:33:34 UTC] PHP Fatal error:  Uncaught TypeError: DBQuery::dropTemp(): Argument #1 ($table) must be of type string, array given, called in /var/www/html/modules/projects/projects.class.php on line 460 and defined in /var/www/html/classes/query.class.php:225
Stack trace:
#0 /var/www/html/modules/projects/projects.class.php(460): DBQuery->dropTemp(Array)
#1 /var/www/html/modules/projects/index.php(136): projects_list_data()
#2 /var/www/html/index.php(329): require('/var/www/html/m...')
#3 {main}
  thrown in /var/www/html/classes/query.class.php on line 225
[22-Jan-2026 13:35:02 UTC] PHP Fatal error:  Uncaught Error: Undefined constant "LOCALE_FIRST_DAY" in /var/www/html/modules/calendar/day_view.php:53
Stack trace:
#0 /var/www/html/index.php(329): require()
#1 {main}
  thrown in /var/www/html/modules/calendar/day_view.php on line 53
[22-Jan-2026 13:35:26 UTC] PHP Warning:  Undefined array key "a" in /var/www/html/style/default/header.php on line 193
[22-Jan-2026 13:35:26 UTC] PHP Warning:  Undefined array key "a" in /var/www/html/style/default/header.php on line 196
[22-Jan-2026 13:35:27 UTC] PHP Warning:  Undefined array key "a" in /var/www/html/style/default/header.php on line 193
[22-Jan-2026 13:35:27 UTC] PHP Warning:  Undefined array key "a" in /var/www/html/style/default/header.php on line 196
[22-Jan-2026 13:35:30 UTC] PHP Warning:  Undefined array key "a" in /var/www/html/style/default/header.php on line 193
[22-Jan-2026 13:35:30 UTC] PHP Warning:  Undefined array key "a" in /var/www/html/style/default/header.php on line 196
[22-Jan-2026 13:35:31 UTC] PHP Fatal error:  Declaration of CForum::bind($hash) must be compatible with CDpObject::bind(array $hash): bool in /var/www/html/modules/forums/forums.class.php on line 29
[22-Jan-2026 13:35:34 UTC] PHP Warning:  Undefined array key "a" in /var/www/html/style/default/header.php on line 193
[22-Jan-2026 13:35:35 UTC] PHP Warning:  Undefined array key "a" in /var/www/html/style/default/header.php on line 196
[22-Jan-2026 13:35:36 UTC] PHP Fatal error:  Declaration of CForum::bind($hash) must be compatible with CDpObject::bind(array $hash): bool in /var/www/html/modules/forums/forums.class.php on line 29
[22-Jan-2026 13:35:48 UTC] PHP Warning:  Undefined array key "a" in /var/www/html/style/default/header.php on line 193
[22-Jan-2026 13:35:48 UTC] PHP Warning:  Undefined array key "a" in /var/www/html/style/default/header.php on line 196
[22-Jan-2026 13:36:00 UTC] PHP Fatal error:  Declaration of CForum::bind($hash) must be compatible with CDpObject::bind(array $hash): bool in /var/www/html/modules/forums/forums.class.php on line 29
[22-Jan-2026 13:36:01 UTC] PHP Warning:  Undefined array key "a" in /var/www/html/style/default/header.php on line 193
[22-Jan-2026 13:36:01 UTC] PHP Warning:  Undefined array key "a" in /var/www/html/style/default/header.php on line 196
[22-Jan-2026 13:36:03 UTC] PHP Fatal error:  Declaration of CForum::bind($hash) must be compatible with CDpObject::bind(array $hash): bool in /var/www/html/modules/forums/forums.class.php on line 29
[22-Jan-2026 13:36:04 UTC] PHP Warning:  Undefined array key "a" in /var/www/html/style/default/header.php on line 193
[22-Jan-2026 13:36:04 UTC] PHP Warning:  Undefined array key "a" in /var/www/html/style/default/header.php on line 196
[22-Jan-2026 13:36:06 UTC] PHP Warning:  Undefined array key "a" in /var/www/html/style/default/header.php on line 193
[22-Jan-2026 13:36:06 UTC] PHP Warning:  Undefined array key "a" in /var/www/html/style/default/header.php on line 196
[22-Jan-2026 13:36:08 UTC] PHP Fatal error:  Type of CFile::$_message must be string (as in class CDpObject) in /var/www/html/modules/files/files.class.php on line 20
[22-Jan-2026 13:36:10 UTC] PHP Warning:  Undefined array key "a" in /var/www/html/style/default/header.php on line 193
[22-Jan-2026 13:36:10 UTC] PHP Warning:  Undefined array key "a" in /var/www/html/style/default/header.php on line 196
[22-Jan-2026 13:36:18 UTC] PHP Warning:  Undefined array key "a" in /var/www/html/style/default/header.php on line 193
[22-Jan-2026 13:36:18 UTC] PHP Warning:  Undefined array key "a" in /var/www/html/style/default/header.php on line 196
[22-Jan-2026 13:36:19 UTC] PHP Fatal error:  Uncaught Error: Undefined constant "LOCALE_FIRST_DAY" in /var/www/html/modules/calendar/calendar.class.php:281
Stack trace:
#0 /var/www/html/modules/calendar/calendar.class.php(207): CMonthCalendar->_drawDays()
#1 /var/www/html/modules/calendar/index.php(91): CMonthCalendar->show()
#2 /var/www/html/index.php(329): require('/var/www/html/m...')
#3 {main}
  thrown in /var/www/html/modules/calendar/calendar.class.php on line 281
[22-Jan-2026 13:36:20 UTC] PHP Warning:  Undefined array key "a" in /var/www/html/style/default/header.php on line 193
[22-Jan-2026 13:36:20 UTC] PHP Warning:  Undefined array key "a" in /var/www/html/style/default/header.php on line 196
[22-Jan-2026 13:36:22 UTC] PHP Warning:  Undefined array key "a" in /var/www/html/style/default/header.php on line 193
[22-Jan-2026 13:36:22 UTC] PHP Warning:  Undefined array key "a" in /var/www/html/style/default/header.php on line 196
[22-Jan-2026 13:36:22 UTC] PHP Fatal error:  Uncaught TypeError: DBQuery::dropTemp(): Argument #1 ($table) must be of type string, array given, called in /var/www/html/modules/projects/projects.class.php on line 460 and defined in /var/www/html/classes/query.class.php:225
Stack trace:
#0 /var/www/html/modules/projects/projects.class.php(460): DBQuery->dropTemp(Array)
#1 /var/www/html/modules/projects/index.php(136): projects_list_data()
#2 /var/www/html/index.php(329): require('/var/www/html/m...')
#3 {main}
  thrown in /var/www/html/classes/query.class.php on line 225
[22-Jan-2026 13:36:39 UTC] PHP Warning:  Undefined array key "a" in /var/www/html/style/default/header.php on line 193
[22-Jan-2026 13:36:39 UTC] PHP Warning:  Undefined array key "a" in /var/www/html/style/default/header.php on line 196
[22-Jan-2026 13:36:39 UTC] PHP Fatal error:  Uncaught TypeError: CAppUI::___(): Argument #1 ($str) must be of type string, null given, called in /var/www/html/modules/companies/index.php on line 49 and defined in /var/www/html/classes/ui.class.php:420
Stack trace:
#0 /var/www/html/modules/companies/index.php(49): CAppUI->___(NULL)
#1 /var/www/html/index.php(329): require('/var/www/html/m...')
#2 {main}
  thrown in /var/www/html/classes/ui.class.php on line 420
[22-Jan-2026 13:38:09 UTC] PHP Fatal error:  Type of CFile::$_message must be string (as in class CDpObject) in /var/www/html/modules/files/files.class.php on line 20
[22-Jan-2026 13:46:30 UTC] PHP Fatal error:  Type of CFile::$_message must be string (as in class CDpObject) in /var/www/html/modules/files/files.class.php on line 20
[22-Jan-2026 13:46:32 UTC] PHP Warning:  Undefined array key "a" in /var/www/html/style/default/header.php on line 193
[22-Jan-2026 13:46:32 UTC] PHP Warning:  Undefined array key "a" in /var/www/html/style/default/header.php on line 196
[22-Jan-2026 13:46:32 UTC] PHP Fatal error:  Uncaught TypeError: CAppUI::___(): Argument #1 ($str) must be of type string, null given, called in /var/www/html/modules/companies/index.php on line 49 and defined in /var/www/html/classes/ui.class.php:420
Stack trace:
#0 /var/www/html/modules/companies/index.php(49): CAppUI->___(NULL)
#1 /var/www/html/index.php(329): require('/var/www/html/m...')
#2 {main}
  thrown in /var/www/html/classes/ui.class.php on line 420
[22-Jan-2026 13:46:34 UTC] PHP Warning:  Undefined array key "a" in /var/www/html/style/default/header.php on line 193
[22-Jan-2026 13:46:34 UTC] PHP Warning:  Undefined array key "a" in /var/www/html/style/default/header.php on line 196
[22-Jan-2026 13:46:34 UTC] PHP Fatal error:  Uncaught TypeError: DBQuery::dropTemp(): Argument #1 ($table) must be of type string, array given, called in /var/www/html/modules/projects/projects.class.php on line 460 and defined in /var/www/html/classes/query.class.php:225
Stack trace:
#0 /var/www/html/modules/projects/projects.class.php(460): DBQuery->dropTemp(Array)
#1 /var/www/html/modules/projects/index.php(136): projects_list_data()
#2 /var/www/html/index.php(329): require('/var/www/html/m...')
#3 {main}
  thrown in /var/www/html/classes/query.class.php on line 225
[22-Jan-2026 13:46:36 UTC] PHP Warning:  Undefined array key "a" in /var/www/html/style/default/header.php on line 193
[22-Jan-2026 13:46:36 UTC] PHP Warning:  Undefined array key "a" in /var/www/html/style/default/header.php on line 196
[22-Jan-2026 13:46:38 UTC] PHP Warning:  Undefined array key "a" in /var/www/html/style/default/header.php on line 193
[22-Jan-2026 13:46:38 UTC] PHP Warning:  Undefined array key "a" in /var/www/html/style/default/header.php on line 196
[22-Jan-2026 13:46:38 UTC] PHP Fatal error:  Uncaught TypeError: CAppUI::___(): Argument #1 ($str) must be of type string, null given, called in /var/www/html/modules/companies/index.php on line 49 and defined in /var/www/html/classes/ui.class.php:420
Stack trace:
#0 /var/www/html/modules/companies/index.php(49): CAppUI->___(NULL)
#1 /var/www/html/index.php(329): require('/var/www/html/m...')
#2 {main}
  thrown in /var/www/html/classes/ui.class.php on line 420
[22-Jan-2026 16:15:55 UTC] PHP Warning:  Undefined array key "a" in /var/www/html/style/default/header.php on line 193
[22-Jan-2026 16:15:55 UTC] PHP Warning:  Undefined array key "a" in /var/www/html/style/default/header.php on line 196
[22-Jan-2026 16:15:55 UTC] PHP Fatal error:  Uncaught Error: Undefined constant "LOCALE_FIRST_DAY" in /var/www/html/modules/calendar/day_view.php:53
Stack trace:
#0 /var/www/html/index.php(329): require()
#1 {main}
  thrown in /var/www/html/modules/calendar/day_view.php on line 53
[22-Jan-2026 16:15:58 UTC] PHP Warning:  Undefined array key "a" in /var/www/html/style/default/header.php on line 193
[22-Jan-2026 16:15:58 UTC] PHP Warning:  Undefined array key "a" in /var/www/html/style/default/header.php on line 196
[22-Jan-2026 16:16:01 UTC] PHP Warning:  Undefined array key "a" in /var/www/html/style/default/header.php on line 193
[22-Jan-2026 16:16:01 UTC] PHP Warning:  Undefined array key "a" in /var/www/html/style/default/header.php on line 196
[22-Jan-2026 16:16:01 UTC] PHP Fatal error:  Uncaught TypeError: DBQuery::dropTemp(): Argument #1 ($table) must be of type string, array given, called in /var/www/html/modules/projects/projects.class.php on line 460 and defined in /var/www/html/classes/query.class.php:225
Stack trace:
#0 /var/www/html/modules/projects/projects.class.php(460): DBQuery->dropTemp(Array)
#1 /var/www/html/modules/projects/index.php(136): projects_list_data()
#2 /var/www/html/index.php(329): require('/var/www/html/m...')
#3 {main}
  thrown in /var/www/html/classes/query.class.php on line 225
[22-Jan-2026 16:16:11 UTC] PHP Warning:  Undefined array key "a" in /var/www/html/style/default/header.php on line 193
[22-Jan-2026 16:16:11 UTC] PHP Warning:  Undefined array key "a" in /var/www/html/style/default/header.php on line 196
[22-Jan-2026 16:16:14 UTC] PHP Warning:  Undefined array key "a" in /var/www/html/style/default/header.php on line 193
[22-Jan-2026 16:16:14 UTC] PHP Warning:  Undefined array key "a" in /var/www/html/style/default/header.php on line 196
[22-Jan-2026 16:16:21 UTC] PHP Warning:  Undefined array key "a" in /var/www/html/style/default/header.php on line 193
[22-Jan-2026 16:16:21 UTC] PHP Warning:  Undefined array key "a" in /var/www/html/style/default/header.php on line 196
[22-Jan-2026 16:16:25 UTC] PHP Warning:  Undefined array key "a" in /var/www/html/style/default/header.php on line 193
[22-Jan-2026 16:16:25 UTC] PHP Warning:  Undefined array key "a" in /var/www/html/style/default/header.php on line 196
[22-Jan-2026 16:16:28 UTC] PHP Warning:  Undefined array key "a" in /var/www/html/style/default/header.php on line 193
[22-Jan-2026 16:16:28 UTC] PHP Warning:  Undefined array key "a" in /var/www/html/style/default/header.php on line 196
[22-Jan-2026 16:16:32 UTC] PHP Warning:  Undefined array key "" in /var/www/html/modules/system/translate.php on line 89
[22-Jan-2026 16:16:38 UTC] PHP Parse error:  syntax error, unexpected token "<", expecting ")" in /var/www/html/modules/system/translate.php(53) : eval()'d code on line 1
[22-Jan-2026 16:16:42 UTC] PHP Warning:  Undefined array key "a" in /var/www/html/style/default/header.php on line 193
[22-Jan-2026 16:16:42 UTC] PHP Warning:  Undefined array key "a" in /var/www/html/style/default/header.php on line 196
[22-Jan-2026 16:16:47 UTC] PHP Warning:  Undefined array key "a" in /var/www/html/style/default/header.php on line 193
[22-Jan-2026 16:16:47 UTC] PHP Warning:  Undefined array key "a" in /var/www/html/style/default/header.php on line 196
[22-Jan-2026 16:16:47 UTC] PHP Fatal error:  Uncaught TypeError: DBQuery::dropTemp(): Argument #1 ($table) must be of type string, array given, called in /var/www/html/modules/projects/projects.class.php on line 460 and defined in /var/www/html/classes/query.class.php:225
Stack trace:
#0 /var/www/html/modules/projects/projects.class.php(460): DBQuery->dropTemp(Array)
#1 /var/www/html/modules/projects/index.php(136): projects_list_data()
#2 /var/www/html/index.php(329): require('/var/www/html/m...')
#3 {main}
  thrown in /var/www/html/classes/query.class.php on line 225
[22-Jan-2026 16:16:49 UTC] PHP Warning:  Undefined array key "a" in /var/www/html/style/default/header.php on line 193
[22-Jan-2026 16:16:49 UTC] PHP Warning:  Undefined array key "a" in /var/www/html/style/default/header.php on line 196
[22-Jan-2026 16:17:04 UTC] PHP Warning:  Undefined array key "a" in /var/www/html/style/default/header.php on line 193
[22-Jan-2026 16:17:04 UTC] PHP Warning:  Undefined array key "a" in /var/www/html/style/default/header.php on line 196
[22-Jan-2026 16:17:04 UTC] PHP Fatal error:  Uncaught TypeError: DBQuery::dropTemp(): Argument #1 ($table) must be of type string, array given, called in /var/www/html/modules/projects/projects.class.php on line 460 and defined in /var/www/html/classes/query.class.php:225
Stack trace:
#0 /var/www/html/modules/projects/projects.class.php(460): DBQuery->dropTemp(Array)
#1 /var/www/html/modules/projects/index.php(136): projects_list_data()
#2 /var/www/html/index.php(329): require('/var/www/html/m...')
#3 {main}
  thrown in /var/www/html/classes/query.class.php on line 225
[22-Jan-2026 16:19:28 UTC] PHP Warning:  Undefined array key "a" in /var/www/html/style/default/header.php on line 193
[22-Jan-2026 16:19:28 UTC] PHP Warning:  Undefined array key "a" in /var/www/html/style/default/header.php on line 196
[22-Jan-2026 16:19:28 UTC] PHP Fatal error:  Uncaught TypeError: CProject::setAllowedSQL(): Argument #1 ($uid) must be of type int, string given, called in /var/www/html/modules/projects/projects.class.php on line 614 and defined in /var/www/html/modules/projects/projects.class.php:311
Stack trace:
#0 /var/www/html/modules/projects/projects.class.php(614): CProject->setAllowedSQL('1', Object(DBQuery), NULL, 'p')
#1 /var/www/html/modules/projects/index.php(136): projects_list_data()
#2 /var/www/html/index.php(329): require('/var/www/html/m...')
#3 {main}
  thrown in /var/www/html/modules/projects/projects.class.php on line 311
[22-Jan-2026 16:19:30 UTC] PHP Warning:  Undefined array key "a" in /var/www/html/style/default/header.php on line 193
[22-Jan-2026 16:19:30 UTC] PHP Warning:  Undefined array key "a" in /var/www/html/style/default/header.php on line 196
[22-Jan-2026 16:19:32 UTC] PHP Warning:  Undefined array key "a" in /var/www/html/style/default/header.php on line 193
[22-Jan-2026 16:19:32 UTC] PHP Warning:  Undefined array key "a" in /var/www/html/style/default/header.php on line 196
[22-Jan-2026 16:19:32 UTC] PHP Fatal error:  Uncaught TypeError: CProject::setAllowedSQL(): Argument #1 ($uid) must be of type int, string given, called in /var/www/html/modules/projects/projects.class.php on line 614 and defined in /var/www/html/modules/projects/projects.class.php:311
Stack trace:
#0 /var/www/html/modules/projects/projects.class.php(614): CProject->setAllowedSQL('1', Object(DBQuery), NULL, 'p')
#1 /var/www/html/modules/projects/index.php(136): projects_list_data()
#2 /var/www/html/index.php(329): require('/var/www/html/m...')
#3 {main}
  thrown in /var/www/html/modules/projects/projects.class.php on line 311
[22-Jan-2026 16:23:54 UTC] PHP Warning:  Undefined array key "a" in /var/www/html/style/default/header.php on line 193
[22-Jan-2026 16:23:54 UTC] PHP Warning:  Undefined array key "a" in /var/www/html/style/default/header.php on line 196
[22-Jan-2026 16:23:55 UTC] PHP Fatal error:  Uncaught Error: Undefined constant "LOCALE_FIRST_DAY" in /var/www/html/modules/calendar/day_view.php:53
Stack trace:
#0 /var/www/html/index.php(329): require()
#1 {main}
  thrown in /var/www/html/modules/calendar/day_view.php on line 53
[22-Jan-2026 16:23:57 UTC] PHP Warning:  Undefined array key "a" in /var/www/html/style/default/header.php on line 193
[22-Jan-2026 16:23:57 UTC] PHP Warning:  Undefined array key "a" in /var/www/html/style/default/header.php on line 196
[22-Jan-2026 16:23:57 UTC] PHP Fatal error:  Uncaught TypeError: CProject::setAllowedSQL(): Argument #1 ($uid) must be of type int, string given, called in /var/www/html/modules/projects/projects.class.php on line 614 and defined in /var/www/html/modules/projects/projects.class.php:311
Stack trace:
#0 /var/www/html/modules/projects/projects.class.php(614): CProject->setAllowedSQL('1', Object(DBQuery), NULL, 'p')
#1 /var/www/html/modules/projects/index.php(136): projects_list_data()
#2 /var/www/html/index.php(329): require('/var/www/html/m...')
#3 {main}
  thrown in /var/www/html/modules/projects/projects.class.php on line 311
[22-Jan-2026 16:23:58 UTC] PHP Warning:  Undefined array key "a" in /var/www/html/style/default/header.php on line 193
[22-Jan-2026 16:23:58 UTC] PHP Warning:  Undefined array key "a" in /var/www/html/style/default/header.php on line 196
[22-Jan-2026 16:24:01 UTC] PHP Warning:  Undefined array key "a" in /var/www/html/style/default/header.php on line 193
[22-Jan-2026 16:24:01 UTC] PHP Warning:  Undefined array key "a" in /var/www/html/style/default/header.php on line 196
[22-Jan-2026 16:24:03 UTC] PHP Warning:  Undefined array key "a" in /var/www/html/style/default/header.php on line 193
[22-Jan-2026 16:24:03 UTC] PHP Warning:  Undefined array key "a" in /var/www/html/style/default/header.php on line 196
[22-Jan-2026 16:24:06 UTC] PHP Warning:  Undefined array key "a" in /var/www/html/style/default/header.php on line 193
[22-Jan-2026 16:24:06 UTC] PHP Warning:  Undefined array key "a" in /var/www/html/style/default/header.php on line 196
[22-Jan-2026 16:24:06 UTC] PHP Fatal error:  Uncaught TypeError: CProject::setAllowedSQL(): Argument #1 ($uid) must be of type int, string given, called in /var/www/html/modules/projects/projects.class.php on line 614 and defined in /var/www/html/modules/projects/projects.class.php:311
Stack trace:
#0 /var/www/html/modules/projects/projects.class.php(614): CProject->setAllowedSQL('1', Object(DBQuery), NULL, 'p')
#1 /var/www/html/modules/projects/index.php(136): projects_list_data()
#2 /var/www/html/index.php(329): require('/var/www/html/m...')
#3 {main}
  thrown in /var/www/html/modules/projects/projects.class.php on line 311
[22-Jan-2026 16:28:32 UTC] PHP Warning:  Undefined array key "a" in /var/www/html/style/default/header.php on line 193
[22-Jan-2026 16:28:32 UTC] PHP Warning:  Undefined array key "a" in /var/www/html/style/default/header.php on line 196
[22-Jan-2026 16:28:35 UTC] PHP Warning:  Undefined array key "a" in /var/www/html/style/default/header.php on line 193
[22-Jan-2026 16:28:35 UTC] PHP Warning:  Undefined array key "a" in /var/www/html/style/default/header.php on line 196
[22-Jan-2026 16:28:37 UTC] PHP Warning:  Undefined array key "a" in /var/www/html/style/default/header.php on line 193
[22-Jan-2026 16:28:37 UTC] PHP Warning:  Undefined array key "a" in /var/www/html/style/default/header.php on line 196
[22-Jan-2026 16:30:42 UTC] PHP Warning:  Undefined array key "a" in /var/www/html/style/default/header.php on line 193
[22-Jan-2026 16:30:42 UTC] PHP Warning:  Undefined array key "a" in /var/www/html/style/default/header.php on line 196
[22-Jan-2026 16:30:45 UTC] PHP Warning:  Undefined array key "a" in /var/www/html/style/default/header.php on line 193
[22-Jan-2026 16:30:45 UTC] PHP Warning:  Undefined array key "a" in /var/www/html/style/default/header.php on line 196
[22-Jan-2026 16:30:47 UTC] PHP Warning:  Undefined array key "a" in /var/www/html/style/default/header.php on line 193
[22-Jan-2026 16:30:47 UTC] PHP Warning:  Undefined array key "a" in /var/www/html/style/default/header.php on line 196
[22-Jan-2026 16:30:51 UTC] PHP Warning:  Undefined array key "a" in /var/www/html/style/default/header.php on line 193
[22-Jan-2026 16:30:51 UTC] PHP Warning:  Undefined array key "a" in /var/www/html/style/default/header.php on line 196
[22-Jan-2026 16:31:21 UTC] PHP Warning:  Undefined array key "a" in /var/www/html/style/default/header.php on line 193
[22-Jan-2026 16:31:21 UTC] PHP Warning:  Undefined array key "a" in /var/www/html/style/default/header.php on line 196
[22-Jan-2026 16:40:02 UTC] PHP Warning:  Undefined array key "a" in /var/www/html/style/default/header.php on line 193
[22-Jan-2026 16:40:02 UTC] PHP Warning:  Undefined array key "a" in /var/www/html/style/default/header.php on line 196
[22-Jan-2026 16:40:04 UTC] PHP Warning:  Undefined array key "a" in /var/www/html/style/default/header.php on line 193
[22-Jan-2026 16:40:04 UTC] PHP Warning:  Undefined array key "a" in /var/www/html/style/default/header.php on line 196
[22-Jan-2026 16:42:12 UTC] PHP Warning:  Undefined array key "a" in /var/www/html/style/default/header.php on line 193
[22-Jan-2026 16:42:12 UTC] PHP Warning:  Undefined array key "a" in /var/www/html/style/default/header.php on line 196
[22-Jan-2026 16:44:11 UTC] PHP Warning:  Undefined array key "a" in /var/www/html/style/default/header.php on line 193
[22-Jan-2026 16:44:11 UTC] PHP Warning:  Undefined array key "a" in /var/www/html/style/default/header.php on line 196
[22-Jan-2026 16:44:13 UTC] PHP Fatal error:  Type of CFile::$_message must be string (as in class CDpObject) in /var/www/html/modules/files/files.class.php on line 20
[22-Jan-2026 16:44:14 UTC] PHP Warning:  Undefined array key "a" in /var/www/html/style/default/header.php on line 193
[22-Jan-2026 16:44:15 UTC] PHP Warning:  Undefined array key "a" in /var/www/html/style/default/header.php on line 196
[22-Jan-2026 16:50:54 UTC] PHP Warning:  Undefined array key "a" in /var/www/html/style/default/header.php on line 193
[22-Jan-2026 16:50:54 UTC] PHP Warning:  Undefined array key "a" in /var/www/html/style/default/header.php on line 196
[22-Jan-2026 16:50:57 UTC] PHP Warning:  Undefined array key "a" in /var/www/html/style/default/header.php on line 193
[22-Jan-2026 16:50:57 UTC] PHP Warning:  Undefined array key "a" in /var/www/html/style/default/header.php on line 196
[22-Jan-2026 16:56:18 UTC] PHP Warning:  Undefined array key "a" in /var/www/html/style/default/header.php on line 193
[22-Jan-2026 16:56:18 UTC] PHP Warning:  Undefined array key "a" in /var/www/html/style/default/header.php on line 196
[22-Jan-2026 16:56:18 UTC] PHP Fatal error:  Uncaught Error: Undefined constant "LOCALE_FIRST_DAY" in /var/www/html/modules/calendar/day_view.php:53
Stack trace:
#0 /var/www/html/index.php(330): require()
#1 {main}
  thrown in /var/www/html/modules/calendar/day_view.php on line 53
[22-Jan-2026 16:56:18 UTC] PHP Warning:  Undefined array key "a" in /var/www/html/style/default/header.php on line 193
[22-Jan-2026 16:56:18 UTC] PHP Warning:  Undefined array key "a" in /var/www/html/style/default/header.php on line 196
[22-Jan-2026 16:56:18 UTC] PHP Fatal error:  Uncaught Error: Undefined constant "LOCALE_FIRST_DAY" in /var/www/html/modules/calendar/day_view.php:53
Stack trace:
#0 /var/www/html/index.php(330): require()
#1 {main}
  thrown in /var/www/html/modules/calendar/day_view.php on line 53
[22-Jan-2026 16:56:20 UTC] PHP Warning:  Undefined array key "a" in /var/www/html/style/default/header.php on line 193
[22-Jan-2026 16:56:20 UTC] PHP Warning:  Undefined array key "a" in /var/www/html/style/default/header.php on line 196
[22-Jan-2026 16:56:22 UTC] PHP Warning:  Undefined array key "a" in /var/www/html/style/default/header.php on line 193
[22-Jan-2026 16:56:22 UTC] PHP Warning:  Undefined array key "a" in /var/www/html/style/default/header.php on line 196
[22-Jan-2026 16:56:24 UTC] PHP Warning:  Undefined array key "a" in /var/www/html/style/default/header.php on line 193
[22-Jan-2026 16:56:24 UTC] PHP Warning:  Undefined array key "a" in /var/www/html/style/default/header.php on line 196
[22-Jan-2026 16:56:25 UTC] PHP Warning:  Undefined array key "a" in /var/www/html/style/default/header.php on line 193
[22-Jan-2026 16:56:25 UTC] PHP Warning:  Undefined array key "a" in /var/www/html/style/default/header.php on line 196
[22-Jan-2026 16:56:27 UTC] PHP Warning:  Undefined array key "a" in /var/www/html/style/default/header.php on line 193
[22-Jan-2026 16:56:27 UTC] PHP Warning:  Undefined array key "a" in /var/www/html/style/default/header.php on line 196
[22-Jan-2026 16:56:28 UTC] PHP Warning:  Undefined array key "a" in /var/www/html/style/default/header.php on line 193
[22-Jan-2026 16:56:28 UTC] PHP Warning:  Undefined array key "a" in /var/www/html/style/default/header.php on line 196
[22-Jan-2026 17:03:34 UTC] PHP Warning:  Undefined array key "a" in /var/www/html/style/default/header.php on line 193
[22-Jan-2026 17:03:34 UTC] PHP Warning:  Undefined array key "a" in /var/www/html/style/default/header.php on line 196
[22-Jan-2026 17:03:36 UTC] PHP Warning:  Undefined array key "a" in /var/www/html/style/default/header.php on line 193
[22-Jan-2026 17:03:36 UTC] PHP Warning:  Undefined array key "a" in /var/www/html/style/default/header.php on line 196
[22-Jan-2026 17:11:49 UTC] PHP Warning:  Undefined array key "a" in /var/www/html/style/default/header.php on line 193
[22-Jan-2026 17:11:49 UTC] PHP Warning:  Undefined array key "a" in /var/www/html/style/default/header.php on line 196
[22-Jan-2026 17:11:57 UTC] PHP Warning:  Undefined array key "a" in /var/www/html/style/default/header.php on line 193
[22-Jan-2026 17:11:57 UTC] PHP Warning:  Undefined array key "a" in /var/www/html/style/default/header.php on line 196
[22-Jan-2026 17:11:59 UTC] PHP Warning:  Undefined array key "a" in /var/www/html/style/default/header.php on line 193
[22-Jan-2026 17:11:59 UTC] PHP Warning:  Undefined array key "a" in /var/www/html/style/default/header.php on line 196
[22-Jan-2026 17:12:05 UTC] PHP Warning:  Undefined array key "a" in /var/www/html/style/default/header.php on line 193
[22-Jan-2026 17:12:05 UTC] PHP Warning:  Undefined array key "a" in /var/www/html/style/default/header.php on line 196
[22-Jan-2026 17:12:05 UTC] PHP Fatal error:  Uncaught Error: Undefined constant "LOCALE_FIRST_DAY" in /var/www/html/modules/calendar/day_view.php:53
Stack trace:
#0 /var/www/html/index.php(330): require()
#1 {main}
  thrown in /var/www/html/modules/calendar/day_view.php on line 53
[22-Jan-2026 17:12:08 UTC] PHP Warning:  Undefined array key "a" in /var/www/html/style/default/header.php on line 193
[22-Jan-2026 17:12:08 UTC] PHP Warning:  Undefined array key "a" in /var/www/html/style/default/header.php on line 196
[22-Jan-2026 17:12:21 UTC] PHP Warning:  Undefined array key "a" in /var/www/html/style/default/header.php on line 193
[22-Jan-2026 17:12:21 UTC] PHP Warning:  Undefined array key "a" in /var/www/html/style/default/header.php on line 196
[22-Jan-2026 17:13:48 UTC] PHP Fatal error:  Uncaught TypeError: db_loadHash(): Argument #2 ($hash) must be of type array, null given, called in /var/www/html/modules/admin/addedituser.php on line 48 and defined in /var/www/html/includes/db_connect.php:92
Stack trace:
#0 /var/www/html/modules/admin/addedituser.php(48): db_loadHash('SELECT u.*,con....', NULL)
#1 /var/www/html/index.php(330): require('/var/www/html/m...')
#2 {main}
  thrown in /var/www/html/includes/db_connect.php on line 92
[22-Jan-2026 17:16:05 UTC] PHP Warning:  Undefined variable $baseDir in /var/www/html/includes/config.php on line 18
[22-Jan-2026 17:16:05 UTC] PHP Warning:  Undefined variable $baseUrl in /var/www/html/includes/config.php on line 19
[22-Jan-2026 17:16:05 UTC] PHP Fatal error:  Uncaught Error: Call to undefined function dPgetConfig() in /var/www/html/includes/db_adodb.php:18
Stack trace:
#0 /var/www/html/force_theme.php(9): require_once()
#1 {main}
  thrown in /var/www/html/includes/db_adodb.php on line 18
[22-Jan-2026 17:16:58 UTC] PHP Warning:  Undefined variable $baseDir in /var/www/html/includes/config.php on line 18
[22-Jan-2026 17:16:58 UTC] PHP Warning:  Undefined variable $baseUrl in /var/www/html/includes/config.php on line 19
[22-Jan-2026 17:16:58 UTC] PHP Fatal error:  Uncaught Error: Call to undefined function dPgetConfig() in /var/www/html/includes/db_adodb.php:18
Stack trace:
#0 /var/www/html/force_theme.php(9): require_once()
#1 {main}
  thrown in /var/www/html/includes/db_adodb.php on line 18
[22-Jan-2026 17:16:59 UTC] PHP Warning:  Undefined variable $baseDir in /var/www/html/includes/config.php on line 18
[22-Jan-2026 17:16:59 UTC] PHP Warning:  Undefined variable $baseUrl in /var/www/html/includes/config.php on line 19
[22-Jan-2026 17:16:59 UTC] PHP Fatal error:  Uncaught Error: Call to undefined function dPgetConfig() in /var/www/html/includes/db_adodb.php:18
Stack trace:
#0 /var/www/html/force_theme.php(9): require_once()
#1 {main}
  thrown in /var/www/html/includes/db_adodb.php on line 18
[22-Jan-2026 17:17:06 UTC] PHP Warning:  include(/var/www/html/style/modern_hybrid/overrides.php): Failed to open stream: No such file or directory in /var/www/html/index.php on line 267
[22-Jan-2026 17:17:06 UTC] PHP Warning:  include(): Failed opening '/var/www/html/style/modern_hybrid/overrides.php' for inclusion (include_path='/var/www/html/lib/htmlpurifier-standalone/standalone:.:/var/www/html/lib:/var/www/html/lib/PEAR:.:/usr/local/lib/php') in /var/www/html/index.php on line 267
[22-Jan-2026 17:17:06 UTC] PHP Fatal error:  Uncaught TypeError: db_loadHash(): Argument #2 ($hash) must be of type array, null given, called in /var/www/html/modules/admin/addedituser.php on line 48 and defined in /var/www/html/includes/db_connect.php:92
Stack trace:
#0 /var/www/html/modules/admin/addedituser.php(48): db_loadHash('SELECT u.*,con....', NULL)
#1 /var/www/html/index.php(331): require('/var/www/html/m...')
#2 {main}
  thrown in /var/www/html/includes/db_connect.php on line 92
[22-Jan-2026 17:17:17 UTC] PHP Warning:  include(/var/www/html/style/modern_hybrid/overrides.php): Failed to open stream: No such file or directory in /var/www/html/index.php on line 267
[22-Jan-2026 17:17:17 UTC] PHP Warning:  include(): Failed opening '/var/www/html/style/modern_hybrid/overrides.php' for inclusion (include_path='/var/www/html/lib/htmlpurifier-standalone/standalone:.:/var/www/html/lib:/var/www/html/lib/PEAR:.:/usr/local/lib/php') in /var/www/html/index.php on line 267
[22-Jan-2026 17:17:17 UTC] PHP Fatal error:  Uncaught Error: Class "CTitleBlock" not found in /var/www/html/modules/companies/index.php:59
Stack trace:
#0 /var/www/html/index.php(331): require()
#1 {main}
  thrown in /var/www/html/modules/companies/index.php on line 59
[22-Jan-2026 17:17:18 UTC] PHP Warning:  include(/var/www/html/style/modern_hybrid/overrides.php): Failed to open stream: No such file or directory in /var/www/html/index.php on line 267
[22-Jan-2026 17:17:18 UTC] PHP Warning:  include(): Failed opening '/var/www/html/style/modern_hybrid/overrides.php' for inclusion (include_path='/var/www/html/lib/htmlpurifier-standalone/standalone:.:/var/www/html/lib:/var/www/html/lib/PEAR:.:/usr/local/lib/php') in /var/www/html/index.php on line 267
[22-Jan-2026 17:17:19 UTC] PHP Fatal error:  Uncaught Error: Class "CTitleBlock" not found in /var/www/html/modules/projects/index.php:139
Stack trace:
#0 /var/www/html/index.php(331): require()
#1 {main}
  thrown in /var/www/html/modules/projects/index.php on line 139
[22-Jan-2026 17:17:20 UTC] PHP Warning:  include(/var/www/html/style/modern_hybrid/overrides.php): Failed to open stream: No such file or directory in /var/www/html/index.php on line 267
[22-Jan-2026 17:17:20 UTC] PHP Warning:  include(): Failed opening '/var/www/html/style/modern_hybrid/overrides.php' for inclusion (include_path='/var/www/html/lib/htmlpurifier-standalone/standalone:.:/var/www/html/lib:/var/www/html/lib/PEAR:.:/usr/local/lib/php') in /var/www/html/index.php on line 267
[22-Jan-2026 17:17:20 UTC] PHP Fatal error:  Uncaught Error: Class "CTitleBlock" not found in /var/www/html/modules/system/index.php:8
Stack trace:
#0 /var/www/html/index.php(331): require()
#1 {main}
  thrown in /var/www/html/modules/system/index.php on line 8
[22-Jan-2026 17:17:24 UTC] PHP Warning:  include(/var/www/html/style/modern_hybrid/overrides.php): Failed to open stream: No such file or directory in /var/www/html/index.php on line 267
[22-Jan-2026 17:17:24 UTC] PHP Warning:  include(): Failed opening '/var/www/html/style/modern_hybrid/overrides.php' for inclusion (include_path='/var/www/html/lib/htmlpurifier-standalone/standalone:.:/var/www/html/lib:/var/www/html/lib/PEAR:.:/usr/local/lib/php') in /var/www/html/index.php on line 267
[22-Jan-2026 17:17:24 UTC] PHP Fatal error:  Uncaught Error: Undefined constant "LOCALE_FIRST_DAY" in /var/www/html/modules/calendar/day_view.php:53
Stack trace:
#0 /var/www/html/index.php(331): require()
#1 {main}
  thrown in /var/www/html/modules/calendar/day_view.php on line 53
[22-Jan-2026 17:17:30 UTC] PHP Warning:  include(/var/www/html/style/modern_hybrid/overrides.php): Failed to open stream: No such file or directory in /var/www/html/index.php on line 267
[22-Jan-2026 17:17:30 UTC] PHP Warning:  include(): Failed opening '/var/www/html/style/modern_hybrid/overrides.php' for inclusion (include_path='/var/www/html/lib/htmlpurifier-standalone/standalone:.:/var/www/html/lib:/var/www/html/lib/PEAR:.:/usr/local/lib/php') in /var/www/html/index.php on line 267
[22-Jan-2026 17:17:31 UTC] PHP Fatal error:  Uncaught Error: Class "CTitleBlock" not found in /var/www/html/modules/companies/index.php:59
Stack trace:
#0 /var/www/html/index.php(331): require()
#1 {main}
  thrown in /var/www/html/modules/companies/index.php on line 59
[22-Jan-2026 17:17:31 UTC] PHP Warning:  include(/var/www/html/style/modern_hybrid/overrides.php): Failed to open stream: No such file or directory in /var/www/html/index.php on line 267
[22-Jan-2026 17:17:31 UTC] PHP Warning:  include(): Failed opening '/var/www/html/style/modern_hybrid/overrides.php' for inclusion (include_path='/var/www/html/lib/htmlpurifier-standalone/standalone:.:/var/www/html/lib:/var/www/html/lib/PEAR:.:/usr/local/lib/php') in /var/www/html/index.php on line 267
[22-Jan-2026 17:17:31 UTC] PHP Fatal error:  Uncaught Error: Class "CTitleBlock" not found in /var/www/html/modules/projects/index.php:139
Stack trace:
#0 /var/www/html/index.php(331): require()
#1 {main}
  thrown in /var/www/html/modules/projects/index.php on line 139
[22-Jan-2026 17:18:43 UTC] PHP Warning:  include(/var/www/html/style/modern_hybrid/overrides.php): Failed to open stream: No such file or directory in /var/www/html/index.php on line 267
[22-Jan-2026 17:18:43 UTC] PHP Warning:  include(): Failed opening '/var/www/html/style/modern_hybrid/overrides.php' for inclusion (include_path='/var/www/html/lib/htmlpurifier-standalone/standalone:.:/var/www/html/lib:/var/www/html/lib/PEAR:.:/usr/local/lib/php') in /var/www/html/index.php on line 267
[22-Jan-2026 17:18:43 UTC] PHP Fatal error:  Uncaught Error: Class "CTitleBlock" not found in /var/www/html/modules/projects/index.php:139
Stack trace:
#0 /var/www/html/index.php(331): require()
#1 {main}
  thrown in /var/www/html/modules/projects/index.php on line 139
[22-Jan-2026 17:18:44 UTC] PHP Warning:  include(/var/www/html/style/modern_hybrid/overrides.php): Failed to open stream: No such file or directory in /var/www/html/index.php on line 267
[22-Jan-2026 17:18:44 UTC] PHP Warning:  include(): Failed opening '/var/www/html/style/modern_hybrid/overrides.php' for inclusion (include_path='/var/www/html/lib/htmlpurifier-standalone/standalone:.:/var/www/html/lib:/var/www/html/lib/PEAR:.:/usr/local/lib/php') in /var/www/html/index.php on line 267
[22-Jan-2026 17:18:44 UTC] PHP Fatal error:  Uncaught Error: Class "CTitleBlock" not found in /var/www/html/modules/companies/index.php:59
Stack trace:
#0 /var/www/html/index.php(331): require()
#1 {main}
  thrown in /var/www/html/modules/companies/index.php on line 59
[22-Jan-2026 17:19:08 UTC] PHP Warning:  include(/var/www/html/style/modern_hybrid/overrides.php): Failed to open stream: No such file or directory in /var/www/html/index.php on line 267
[22-Jan-2026 17:19:08 UTC] PHP Warning:  include(): Failed opening '/var/www/html/style/modern_hybrid/overrides.php' for inclusion (include_path='/var/www/html/lib/htmlpurifier-standalone/standalone:.:/var/www/html/lib:/var/www/html/lib/PEAR:.:/usr/local/lib/php') in /var/www/html/index.php on line 267
[22-Jan-2026 17:19:08 UTC] PHP Fatal error:  Uncaught Error: Class "CTitleBlock" not found in /var/www/html/modules/companies/index.php:59
Stack trace:
#0 /var/www/html/index.php(331): require()
#1 {main}
  thrown in /var/www/html/modules/companies/index.php on line 59
[22-Jan-2026 17:19:11 UTC] PHP Warning:  include(/var/www/html/style/modern_hybrid/overrides.php): Failed to open stream: No such file or directory in /var/www/html/index.php on line 267
[22-Jan-2026 17:19:11 UTC] PHP Warning:  include(): Failed opening '/var/www/html/style/modern_hybrid/overrides.php' for inclusion (include_path='/var/www/html/lib/htmlpurifier-standalone/standalone:.:/var/www/html/lib:/var/www/html/lib/PEAR:.:/usr/local/lib/php') in /var/www/html/index.php on line 267
[22-Jan-2026 17:19:11 UTC] PHP Fatal error:  Uncaught Error: Class "CTitleBlock" not found in /var/www/html/modules/tasks/index.php:43
Stack trace:
#0 /var/www/html/index.php(331): require()
#1 {main}
  thrown in /var/www/html/modules/tasks/index.php on line 43
[22-Jan-2026 17:19:12 UTC] PHP Warning:  include(/var/www/html/style/modern_hybrid/overrides.php): Failed to open stream: No such file or directory in /var/www/html/index.php on line 267
[22-Jan-2026 17:19:12 UTC] PHP Warning:  include(): Failed opening '/var/www/html/style/modern_hybrid/overrides.php' for inclusion (include_path='/var/www/html/lib/htmlpurifier-standalone/standalone:.:/var/www/html/lib:/var/www/html/lib/PEAR:.:/usr/local/lib/php') in /var/www/html/index.php on line 267
[22-Jan-2026 17:19:12 UTC] PHP Fatal error:  Uncaught Error: Class "CTitleBlock" not found in /var/www/html/modules/contacts/index.php:144
Stack trace:
#0 /var/www/html/index.php(331): require()
#1 {main}
  thrown in /var/www/html/modules/contacts/index.php on line 144
[22-Jan-2026 17:19:13 UTC] PHP Warning:  include(/var/www/html/style/modern_hybrid/overrides.php): Failed to open stream: No such file or directory in /var/www/html/index.php on line 267
[22-Jan-2026 17:19:13 UTC] PHP Warning:  include(): Failed opening '/var/www/html/style/modern_hybrid/overrides.php' for inclusion (include_path='/var/www/html/lib/htmlpurifier-standalone/standalone:.:/var/www/html/lib:/var/www/html/lib/PEAR:.:/usr/local/lib/php') in /var/www/html/index.php on line 267
[22-Jan-2026 17:19:13 UTC] PHP Fatal error:  Uncaught Error: Class "CTitleBlock" not found in /var/www/html/modules/ticketsmith/index.php:11
Stack trace:
#0 /var/www/html/index.php(331): require()
#1 {main}
  thrown in /var/www/html/modules/ticketsmith/index.php on line 11
[22-Jan-2026 17:19:14 UTC] PHP Warning:  include(/var/www/html/style/modern_hybrid/overrides.php): Failed to open stream: No such file or directory in /var/www/html/index.php on line 267
[22-Jan-2026 17:19:14 UTC] PHP Warning:  include(): Failed opening '/var/www/html/style/modern_hybrid/overrides.php' for inclusion (include_path='/var/www/html/lib/htmlpurifier-standalone/standalone:.:/var/www/html/lib:/var/www/html/lib/PEAR:.:/usr/local/lib/php') in /var/www/html/index.php on line 267
[22-Jan-2026 17:19:15 UTC] PHP Fatal error:  Uncaught Error: Class "CTitleBlock" not found in /var/www/html/modules/admin/index.php:84
Stack trace:
#0 /var/www/html/index.php(331): require()
#1 {main}
  thrown in /var/www/html/modules/admin/index.php on line 84
[22-Jan-2026 17:19:15 UTC] PHP Warning:  include(/var/www/html/style/modern_hybrid/overrides.php): Failed to open stream: No such file or directory in /var/www/html/index.php on line 267
[22-Jan-2026 17:19:16 UTC] PHP Warning:  include(): Failed opening '/var/www/html/style/modern_hybrid/overrides.php' for inclusion (include_path='/var/www/html/lib/htmlpurifier-standalone/standalone:.:/var/www/html/lib:/var/www/html/lib/PEAR:.:/usr/local/lib/php') in /var/www/html/index.php on line 267
[22-Jan-2026 17:19:16 UTC] PHP Fatal error:  Uncaught Error: Class "CTitleBlock" not found in /var/www/html/modules/system/index.php:8
Stack trace:
#0 /var/www/html/index.php(331): require()
#1 {main}
  thrown in /var/www/html/modules/system/index.php on line 8
[22-Jan-2026 17:20:57 UTC] PHP Fatal error:  Uncaught Error: Class "CTitleBlock" not found in /var/www/html/modules/system/index.php:8
Stack trace:
#0 /var/www/html/index.php(331): require()
#1 {main}
  thrown in /var/www/html/modules/system/index.php on line 8
[22-Jan-2026 17:20:58 UTC] PHP Fatal error:  Uncaught Error: Class "CTitleBlock" not found in /var/www/html/modules/projects/index.php:139
Stack trace:
#0 /var/www/html/index.php(331): require()
#1 {main}
  thrown in /var/www/html/modules/projects/index.php on line 139
[22-Jan-2026 17:20:59 UTC] PHP Fatal error:  Uncaught Error: Class "CTitleBlock" not found in /var/www/html/modules/companies/index.php:59
Stack trace:
#0 /var/www/html/index.php(331): require()
#1 {main}
  thrown in /var/www/html/modules/companies/index.php on line 59
[22-Jan-2026 17:21:07 UTC] PHP Fatal error:  Uncaught Error: Class "CTitleBlock" not found in /var/www/html/modules/admin/index.php:84
Stack trace:
#0 /var/www/html/index.php(331): require()
#1 {main}
  thrown in /var/www/html/modules/admin/index.php on line 84
[22-Jan-2026 17:21:08 UTC] PHP Fatal error:  Uncaught Error: Class "CTitleBlock" not found in /var/www/html/modules/system/index.php:8
Stack trace:
#0 /var/www/html/index.php(331): require()
#1 {main}
  thrown in /var/www/html/modules/system/index.php on line 8
[22-Jan-2026 17:21:10 UTC] PHP Fatal error:  Uncaught Error: Class "CTitleBlock" not found in /var/www/html/modules/companies/index.php:59
Stack trace:
#0 /var/www/html/index.php(331): require()
#1 {main}
  thrown in /var/www/html/modules/companies/index.php on line 59
[22-Jan-2026 17:21:13 UTC] PHP Fatal error:  Uncaught Error: Class "CTitleBlock" not found in /var/www/html/modules/companies/index.php:59
Stack trace:
#0 /var/www/html/index.php(331): require()
#1 {main}
  thrown in /var/www/html/modules/companies/index.php on line 59
[22-Jan-2026 17:21:18 UTC] PHP Fatal error:  Uncaught Error: Class "CTitleBlock" not found in /var/www/html/modules/projects/index.php:139
Stack trace:
#0 /var/www/html/index.php(331): require()
#1 {main}
  thrown in /var/www/html/modules/projects/index.php on line 139
[22-Jan-2026 17:22:43 UTC] PHP Fatal error:  Uncaught Error: Class "CTitleBlock" not found in /var/www/html/modules/projects/index.php:139
Stack trace:
#0 /var/www/html/index.php(331): require()
#1 {main}
  thrown in /var/www/html/modules/projects/index.php on line 139
[22-Jan-2026 17:22:44 UTC] PHP Fatal error:  Uncaught Error: Class "CTitleBlock" not found in /var/www/html/modules/companies/index.php:59
Stack trace:
#0 /var/www/html/index.php(331): require()
#1 {main}
  thrown in /var/www/html/modules/companies/index.php on line 59
[22-Jan-2026 17:22:45 UTC] PHP Fatal error:  Uncaught Error: Class "CTitleBlock" not found in /var/www/html/modules/ticketsmith/index.php:11
Stack trace:
#0 /var/www/html/index.php(331): require()
#1 {main}
  thrown in /var/www/html/modules/ticketsmith/index.php on line 11
[22-Jan-2026 17:22:47 UTC] PHP Fatal error:  Uncaught Error: Class "CTitleBlock" not found in /var/www/html/modules/contacts/index.php:144
Stack trace:
#0 /var/www/html/index.php(331): require()
#1 {main}
  thrown in /var/www/html/modules/contacts/index.php on line 144
[22-Jan-2026 17:24:41 UTC] PHP Fatal error:  Uncaught Error: Class "CTitleBlock" not found in /var/www/html/modules/contacts/index.php:144
Stack trace:
#0 /var/www/html/index.php(331): require()
#1 {main}
  thrown in /var/www/html/modules/contacts/index.php on line 144
[22-Jan-2026 17:24:43 UTC] PHP Fatal error:  Uncaught Error: Class "CTitleBlock" not found in /var/www/html/modules/companies/index.php:59
Stack trace:
#0 /var/www/html/index.php(331): require()
#1 {main}
  thrown in /var/www/html/modules/companies/index.php on line 59
[22-Jan-2026 17:24:44 UTC] PHP Fatal error:  Uncaught Error: Class "CTitleBlock" not found in /var/www/html/modules/projects/index.php:139
Stack trace:
#0 /var/www/html/index.php(331): require()
#1 {main}
  thrown in /var/www/html/modules/projects/index.php on line 139
[22-Jan-2026 17:24:48 UTC] PHP Fatal error:  Uncaught Error: Class "CTitleBlock" not found in /var/www/html/modules/tasks/index.php:43
Stack trace:
#0 /var/www/html/index.php(331): require()
#1 {main}
  thrown in /var/www/html/modules/tasks/index.php on line 43
[22-Jan-2026 17:26:42 UTC] PHP Fatal error:  Uncaught Error: Class "CTitleBlock" not found in /var/www/html/modules/tasks/index.php:43
Stack trace:
#0 /var/www/html/index.php(331): require()
#1 {main}
  thrown in /var/www/html/modules/tasks/index.php on line 43
[22-Jan-2026 17:26:44 UTC] PHP Fatal error:  Uncaught Error: Class "CTitleBlock" not found in /var/www/html/modules/companies/index.php:59
Stack trace:
#0 /var/www/html/index.php(331): require()
#1 {main}
  thrown in /var/www/html/modules/companies/index.php on line 59
[22-Jan-2026 17:26:45 UTC] PHP Fatal error:  Uncaught Error: Class "CTitleBlock" not found in /var/www/html/modules/admin/index.php:84
Stack trace:
#0 /var/www/html/index.php(331): require()
#1 {main}
  thrown in /var/www/html/modules/admin/index.php on line 84
[22-Jan-2026 17:26:46 UTC] PHP Fatal error:  Uncaught Error: Class "CTitleBlock" not found in /var/www/html/modules/system/index.php:8
Stack trace:
#0 /var/www/html/index.php(331): require()
#1 {main}
  thrown in /var/www/html/modules/system/index.php on line 8
[22-Jan-2026 17:26:47 UTC] PHP Fatal error:  Uncaught Error: Class "CTitleBlock" not found in /var/www/html/modules/contacts/index.php:144
Stack trace:
#0 /var/www/html/index.php(331): require()
#1 {main}
  thrown in /var/www/html/modules/contacts/index.php on line 144
[22-Jan-2026 17:26:52 UTC] PHP Fatal error:  Uncaught Error: Undefined constant "LOCALE_FIRST_DAY" in /var/www/html/modules/calendar/day_view.php:53
Stack trace:
#0 /var/www/html/index.php(331): require()
#1 {main}
  thrown in /var/www/html/modules/calendar/day_view.php on line 53
[22-Jan-2026 17:26:54 UTC] PHP Fatal error:  Uncaught Error: Class "CTitleBlock" not found in /var/www/html/modules/companies/index.php:59
Stack trace:
#0 /var/www/html/index.php(331): require()
#1 {main}
  thrown in /var/www/html/modules/companies/index.php on line 59
[22-Jan-2026 17:57:26 UTC] PHP Fatal error:  Uncaught Error: Undefined constant "LOCALE_FIRST_DAY" in /var/www/html/modules/calendar/day_view.php:53
Stack trace:
#0 /var/www/html/index.php(331): require()
#1 {main}
  thrown in /var/www/html/modules/calendar/day_view.php on line 53
[22-Jan-2026 17:57:28 UTC] PHP Fatal error:  Uncaught Error: Class "CTitleBlock" not found in /var/www/html/modules/companies/index.php:59
Stack trace:
#0 /var/www/html/index.php(331): require()
#1 {main}
  thrown in /var/www/html/modules/companies/index.php on line 59
[22-Jan-2026 17:57:29 UTC] PHP Fatal error:  Uncaught Error: Class "CTitleBlock" not found in /var/www/html/modules/projects/index.php:139
Stack trace:
#0 /var/www/html/index.php(331): require()
#1 {main}
  thrown in /var/www/html/modules/projects/index.php on line 139
[22-Jan-2026 17:57:30 UTC] PHP Fatal error:  Uncaught Error: Class "CTitleBlock" not found in /var/www/html/modules/tasks/index.php:43
Stack trace:
#0 /var/www/html/index.php(331): require()
#1 {main}
  thrown in /var/www/html/modules/tasks/index.php on line 43
[22-Jan-2026 17:57:31 UTC] PHP Fatal error:  Uncaught Error: Class "CTitleBlock" not found in /var/www/html/modules/contacts/index.php:144
Stack trace:
#0 /var/www/html/index.php(331): require()
#1 {main}
  thrown in /var/www/html/modules/contacts/index.php on line 144
[22-Jan-2026 17:58:02 UTC] PHP Fatal error:  Uncaught Error: Class "CTitleBlock" not found in /var/www/html/modules/companies/index.php:59
Stack trace:
#0 /var/www/html/index.php(331): require()
#1 {main}
  thrown in /var/www/html/modules/companies/index.php on line 59
[22-Jan-2026 18:14:51 UTC] PHP Fatal error:  Uncaught Error: Undefined constant "LOCALE_FIRST_DAY" in /var/www/html/modules/calendar/day_view.php:53
Stack trace:
#0 /var/www/html/index.php(331): require()
#1 {main}
  thrown in /var/www/html/modules/calendar/day_view.php on line 53
[22-Jan-2026 18:14:51 UTC] PHP Fatal error:  Uncaught Error: Undefined constant "LOCALE_FIRST_DAY" in /var/www/html/modules/calendar/day_view.php:53
Stack trace:
#0 /var/www/html/index.php(331): require()
#1 {main}
  thrown in /var/www/html/modules/calendar/day_view.php on line 53
[22-Jan-2026 18:14:57 UTC] PHP Fatal error:  Uncaught Error: Undefined constant "LOCALE_FIRST_DAY" in /var/www/html/modules/calendar/day_view.php:53
Stack trace:
#0 /var/www/html/index.php(331): require()
#1 {main}
  thrown in /var/www/html/modules/calendar/day_view.php on line 53
[22-Jan-2026 18:18:40 UTC] PHP Fatal error:  Uncaught Error: Undefined constant "LOCALE_FIRST_DAY" in /var/www/html/modules/calendar/day_view.php:53
Stack trace:
#0 /var/www/html/index.php(331): require()
#1 {main}
  thrown in /var/www/html/modules/calendar/day_view.php on line 53
